Analysis & Synthesis report for bitcoin_hash
Thu Jun 07 18:33:50 2018
Quartus Prime Version 17.1.0 Build 590 10/25/2017 SJ Lite Edition


---------------------
; Table of Contents ;
---------------------
  1. Legal Notice
  2. Analysis & Synthesis Summary
  3. Analysis & Synthesis Settings
  4. Parallel Compilation
  5. Analysis & Synthesis Source Files Read
  6. Analysis & Synthesis Resource Usage Summary
  7. Analysis & Synthesis Resource Utilization by Entity
  8. State Machine - |bitcoin_hash|state
  9. Registers Removed During Synthesis
 10. Removed Registers Triggering Further Register Optimizations
 11. General Register Statistics
 12. Multiplexer Restructuring Statistics (Restructuring Performed)
 13. Parameter Settings for User Entity Instance: Top-level Entity: |bitcoin_hash
 14. Post-Synthesis Netlist Statistics for Top Partition
 15. Elapsed Time Per Partition
 16. Analysis & Synthesis Messages
 17. Analysis & Synthesis Suppressed Messages



----------------
; Legal Notice ;
----------------
Copyright (C) 2017  Intel Corporation. All rights reserved.
Your use of Intel Corporation's design tools, logic functions 
and other software and tools, and its AMPP partner logic 
functions, and any output files from any of the foregoing 
(including device programming or simulation files), and any 
associated documentation or information are expressly subject 
to the terms and conditions of the Intel Program License 
Subscription Agreement, the Intel Quartus Prime License Agreement,
the Intel FPGA IP License Agreement, or other applicable license
agreement, including, without limitation, that your use is for
the sole purpose of programming logic devices manufactured by
Intel and sold by Intel or its authorized distributors.  Please
refer to the applicable agreement for further details.



+---------------------------------------------------------------------------------+
; Analysis & Synthesis Summary                                                    ;
+-----------------------------------+---------------------------------------------+
; Analysis & Synthesis Status       ; Successful - Thu Jun 07 18:33:49 2018       ;
; Quartus Prime Version             ; 17.1.0 Build 590 10/25/2017 SJ Lite Edition ;
; Revision Name                     ; bitcoin_hash                                ;
; Top-level Entity Name             ; bitcoin_hash                                ;
; Family                            ; Arria II GX                                 ;
; Logic utilization                 ; N/A                                         ;
;     Combinational ALUTs           ; 22,844                                      ;
;     Memory ALUTs                  ; 0                                           ;
;     Dedicated logic registers     ; 21,072                                      ;
; Total registers                   ; 21072                                       ;
; Total pins                        ; 118                                         ;
; Total virtual pins                ; 0                                           ;
; Total block memory bits           ; 0                                           ;
; DSP block 18-bit elements         ; 0                                           ;
; Total GXB Receiver Channel PCS    ; 0                                           ;
; Total GXB Receiver Channel PMA    ; 0                                           ;
; Total GXB Transmitter Channel PCS ; 0                                           ;
; Total GXB Transmitter Channel PMA ; 0                                           ;
; Total PLLs                        ; 0                                           ;
; Total DLLs                        ; 0                                           ;
+-----------------------------------+---------------------------------------------+


+---------------------------------------------------------------------------------------------------------------------------+
; Analysis & Synthesis Settings                                                                                             ;
+---------------------------------------------------------------------------------+--------------------+--------------------+
; Option                                                                          ; Setting            ; Default Value      ;
+---------------------------------------------------------------------------------+--------------------+--------------------+
; Device                                                                          ; EP2AGX45DF29I5     ;                    ;
; Top-level entity name                                                           ; bitcoin_hash       ; bitcoin_hash       ;
; Family name                                                                     ; Arria II GX        ; Cyclone V          ;
; Use smart compilation                                                           ; Off                ; Off                ;
; Enable parallel Assembler and TimeQuest Timing Analyzer during compilation      ; On                 ; On                 ;
; Enable compact report table                                                     ; Off                ; Off                ;
; Restructure Multiplexers                                                        ; Auto               ; Auto               ;
; MLAB Add Timing Constraints For Mixed-Port Feed-Through Mode Setting Don't Care ; Off                ; Off                ;
; Create Debugging Nodes for IP Cores                                             ; Off                ; Off                ;
; Preserve fewer node names                                                       ; On                 ; On                 ;
; Intel FPGA IP Evaluation Mode                                                   ; Enable             ; Enable             ;
; Verilog Version                                                                 ; Verilog_2001       ; Verilog_2001       ;
; VHDL Version                                                                    ; VHDL_1993          ; VHDL_1993          ;
; State Machine Processing                                                        ; Auto               ; Auto               ;
; Safe State Machine                                                              ; Off                ; Off                ;
; Extract Verilog State Machines                                                  ; On                 ; On                 ;
; Extract VHDL State Machines                                                     ; On                 ; On                 ;
; Ignore Verilog initial constructs                                               ; Off                ; Off                ;
; Iteration limit for constant Verilog loops                                      ; 5000               ; 5000               ;
; Iteration limit for non-constant Verilog loops                                  ; 250                ; 250                ;
; Add Pass-Through Logic to Inferred RAMs                                         ; On                 ; On                 ;
; Infer RAMs from Raw Logic                                                       ; On                 ; On                 ;
; Parallel Synthesis                                                              ; On                 ; On                 ;
; DSP Block Balancing                                                             ; Auto               ; Auto               ;
; NOT Gate Push-Back                                                              ; On                 ; On                 ;
; Power-Up Don't Care                                                             ; On                 ; On                 ;
; Remove Redundant Logic Cells                                                    ; Off                ; Off                ;
; Remove Duplicate Registers                                                      ; On                 ; On                 ;
; Ignore CARRY Buffers                                                            ; Off                ; Off                ;
; Ignore CASCADE Buffers                                                          ; Off                ; Off                ;
; Ignore GLOBAL Buffers                                                           ; Off                ; Off                ;
; Ignore ROW GLOBAL Buffers                                                       ; Off                ; Off                ;
; Ignore LCELL Buffers                                                            ; Off                ; Off                ;
; Ignore SOFT Buffers                                                             ; On                 ; On                 ;
; Limit AHDL Integers to 32 Bits                                                  ; Off                ; Off                ;
; Optimization Technique                                                          ; Balanced           ; Balanced           ;
; Carry Chain Length                                                              ; 70                 ; 70                 ;
; Auto Carry Chains                                                               ; On                 ; On                 ;
; Auto Open-Drain Pins                                                            ; On                 ; On                 ;
; Perform WYSIWYG Primitive Resynthesis                                           ; Off                ; Off                ;
; Auto ROM Replacement                                                            ; On                 ; On                 ;
; Auto RAM Replacement                                                            ; On                 ; On                 ;
; Auto DSP Block Replacement                                                      ; On                 ; On                 ;
; Auto Shift Register Replacement                                                 ; Auto               ; Auto               ;
; Allow Shift Register Merging across Hierarchies                                 ; Auto               ; Auto               ;
; Auto Clock Enable Replacement                                                   ; On                 ; On                 ;
; Strict RAM Replacement                                                          ; Off                ; Off                ;
; Allow Synchronous Control Signals                                               ; On                 ; On                 ;
; Force Use of Synchronous Clear Signals                                          ; Off                ; Off                ;
; Auto RAM Block Balancing                                                        ; On                 ; On                 ;
; Auto RAM to Logic Cell Conversion                                               ; Off                ; Off                ;
; Auto Resource Sharing                                                           ; Off                ; Off                ;
; Allow Any RAM Size For Recognition                                              ; Off                ; Off                ;
; Allow Any ROM Size For Recognition                                              ; Off                ; Off                ;
; Allow Any Shift Register Size For Recognition                                   ; Off                ; Off                ;
; Use LogicLock Constraints during Resource Balancing                             ; On                 ; On                 ;
; Ignore translate_off and synthesis_off directives                               ; Off                ; Off                ;
; Timing-Driven Synthesis                                                         ; On                 ; On                 ;
; Report Parameter Settings                                                       ; On                 ; On                 ;
; Report Source Assignments                                                       ; On                 ; On                 ;
; Report Connectivity Checks                                                      ; On                 ; On                 ;
; Ignore Maximum Fan-Out Assignments                                              ; Off                ; Off                ;
; Synchronization Register Chain Length                                           ; 3                  ; 3                  ;
; Power Optimization During Synthesis                                             ; Normal compilation ; Normal compilation ;
; HDL message level                                                               ; Level2             ; Level2             ;
; Suppress Register Optimization Related Messages                                 ; Off                ; Off                ;
; Number of Removed Registers Reported in Synthesis Report                        ; 5000               ; 5000               ;
; Number of Swept Nodes Reported in Synthesis Report                              ; 5000               ; 5000               ;
; Number of Inverted Registers Reported in Synthesis Report                       ; 100                ; 100                ;
; Clock MUX Protection                                                            ; On                 ; On                 ;
; Auto Gated Clock Conversion                                                     ; Off                ; Off                ;
; Block Design Naming                                                             ; Auto               ; Auto               ;
; SDC constraint protection                                                       ; Off                ; Off                ;
; Synthesis Effort                                                                ; Auto               ; Auto               ;
; Shift Register Replacement - Allow Asynchronous Clear Signal                    ; On                 ; On                 ;
; Pre-Mapping Resynthesis Optimization                                            ; Off                ; Off                ;
; Analysis & Synthesis Message Level                                              ; Medium             ; Medium             ;
; Disable Register Merging Across Hierarchies                                     ; Auto               ; Auto               ;
; Resource Aware Inference For Block RAM                                          ; On                 ; On                 ;
+---------------------------------------------------------------------------------+--------------------+--------------------+


+------------------------------------------+
; Parallel Compilation                     ;
+----------------------------+-------------+
; Processors                 ; Number      ;
+----------------------------+-------------+
; Number detected on machine ; 4           ;
; Maximum allowed            ; 2           ;
;                            ;             ;
; Average used               ; 1.00        ;
; Maximum used               ; 2           ;
;                            ;             ;
; Usage by Processor         ; % Time Used ;
;     Processor 1            ; 100.0%      ;
;     Processor 2            ;   0.2%      ;
+----------------------------+-------------+


+----------------------------------------------------------------------------------------------------------------------------------------------------------------------------+
; Analysis & Synthesis Source Files Read                                                                                                                                     ;
+----------------------------------+-----------------+------------------------------+------------------------------------------------------------------------------+---------+
; File Name with User-Entered Path ; Used in Netlist ; File Type                    ; File Name with Absolute Path                                                 ; Library ;
+----------------------------------+-----------------+------------------------------+------------------------------------------------------------------------------+---------+
; bitcoin_hash.sv                  ; yes             ; User SystemVerilog HDL File  ; E:/Quartus_Prime/Advanced_Digital_Design_Project/project_5_8/bitcoin_hash.sv ;         ;
+----------------------------------+-----------------+------------------------------+------------------------------------------------------------------------------+---------+


+-----------------------------------------------------------+
; Analysis & Synthesis Resource Usage Summary               ;
+-----------------------------------------------+-----------+
; Resource                                      ; Usage     ;
+-----------------------------------------------+-----------+
; Estimated ALUTs Used                          ; 22844     ;
;     -- Combinational ALUTs                    ; 22844     ;
;     -- Memory ALUTs                           ; 0         ;
;     -- LUT_REGs                               ; 0         ;
; Dedicated logic registers                     ; 21072     ;
;                                               ;           ;
; Estimated ALUTs Unavailable                   ; 463       ;
;     -- Due to unpartnered combinational logic ; 463       ;
;     -- Due to Memory ALUTs                    ; 0         ;
;                                               ;           ;
; Total combinational functions                 ; 22844     ;
; Combinational ALUT usage by number of inputs  ;           ;
;     -- 7 input functions                      ; 16        ;
;     -- 6 input functions                      ; 2071      ;
;     -- 5 input functions                      ; 17        ;
;     -- 4 input functions                      ; 1722      ;
;     -- <=3 input functions                    ; 19018     ;
;                                               ;           ;
; Combinational ALUTs by mode                   ;           ;
;     -- normal mode                            ; 14479     ;
;     -- extended LUT mode                      ; 16        ;
;     -- arithmetic mode                        ; 5181      ;
;     -- shared arithmetic mode                 ; 3168      ;
;                                               ;           ;
; Estimated ALUT/register pairs used            ; 28275     ;
;                                               ;           ;
; Total registers                               ; 21072     ;
;     -- Dedicated logic registers              ; 21072     ;
;     -- I/O registers                          ; 0         ;
;     -- LUT_REGs                               ; 0         ;
;                                               ;           ;
;                                               ;           ;
; I/O pins                                      ; 118       ;
;                                               ;           ;
; DSP block 18-bit elements                     ; 0         ;
;                                               ;           ;
; Maximum fan-out node                          ; clk~input ;
; Maximum fan-out                               ; 21073     ;
; Total fan-out                                 ; 148240    ;
; Average fan-out                               ; 3.36      ;
+-----------------------------------------------+-----------+


+-----------------------------------------------------------------------------------------------------------------------------------------------------------------------------------------------------------------------------------------+
; Analysis & Synthesis Resource Utilization by Entity                                                                                                                                                                                     ;
+----------------------------+---------------------+---------------------------+-------------------+--------------+---------+-----------+-----------+-----------+------+--------------+---------------------+--------------+--------------+
; Compilation Hierarchy Node ; Combinational ALUTs ; Dedicated Logic Registers ; Block Memory Bits ; DSP Elements ; DSP 9x9 ; DSP 12x12 ; DSP 18x18 ; DSP 36x36 ; Pins ; Virtual Pins ; Full Hierarchy Name ; Entity Name  ; Library Name ;
+----------------------------+---------------------+---------------------------+-------------------+--------------+---------+-----------+-----------+-----------+------+--------------+---------------------+--------------+--------------+
; |bitcoin_hash              ; 22844 (22844)       ; 21072 (21072)             ; 0                 ; 0            ; 0       ; 0         ; 0         ; 0         ; 118  ; 0            ; |bitcoin_hash       ; bitcoin_hash ; work         ;
+----------------------------+---------------------+---------------------------+-------------------+--------------+---------+-----------+-----------+-----------+------+--------------+---------------------+--------------+--------------+
Note: For table entries with two numbers listed, the numbers in parentheses indicate the number of resources of the given type used by the specific entity alone. The numbers listed outside of parentheses indicate the total resources of the given type used by the specific entity and all of its sub-entities in the hierarchy.


Encoding Type:  One-Hot
+--------------------------------------------------------------------------------------------------------------------------------------------------------------------------------------------------------------------+
; State Machine - |bitcoin_hash|state                                                                                                                                                                                ;
+----------------+-------------+------------+----------------+--------------+--------------+----------------+--------------+--------------+----------------+--------------+--------------+--------------+------------+
; Name           ; state.WRITE ; state.POST ; state.COMPUTE3 ; state.PREP32 ; state.PREP31 ; state.COMPUTE2 ; state.PREP22 ; state.PREP21 ; state.COMPUTE1 ; state.PREP13 ; state.PREP12 ; state.PREP11 ; state.IDLE ;
+----------------+-------------+------------+----------------+--------------+--------------+----------------+--------------+--------------+----------------+--------------+--------------+--------------+------------+
; state.IDLE     ; 0           ; 0          ; 0              ; 0            ; 0            ; 0              ; 0            ; 0            ; 0              ; 0            ; 0            ; 0            ; 0          ;
; state.PREP11   ; 0           ; 0          ; 0              ; 0            ; 0            ; 0              ; 0            ; 0            ; 0              ; 0            ; 0            ; 1            ; 1          ;
; state.PREP12   ; 0           ; 0          ; 0              ; 0            ; 0            ; 0              ; 0            ; 0            ; 0              ; 0            ; 1            ; 0            ; 1          ;
; state.PREP13   ; 0           ; 0          ; 0              ; 0            ; 0            ; 0              ; 0            ; 0            ; 0              ; 1            ; 0            ; 0            ; 1          ;
; state.COMPUTE1 ; 0           ; 0          ; 0              ; 0            ; 0            ; 0              ; 0            ; 0            ; 1              ; 0            ; 0            ; 0            ; 1          ;
; state.PREP21   ; 0           ; 0          ; 0              ; 0            ; 0            ; 0              ; 0            ; 1            ; 0              ; 0            ; 0            ; 0            ; 1          ;
; state.PREP22   ; 0           ; 0          ; 0              ; 0            ; 0            ; 0              ; 1            ; 0            ; 0              ; 0            ; 0            ; 0            ; 1          ;
; state.COMPUTE2 ; 0           ; 0          ; 0              ; 0            ; 0            ; 1              ; 0            ; 0            ; 0              ; 0            ; 0            ; 0            ; 1          ;
; state.PREP31   ; 0           ; 0          ; 0              ; 0            ; 1            ; 0              ; 0            ; 0            ; 0              ; 0            ; 0            ; 0            ; 1          ;
; state.PREP32   ; 0           ; 0          ; 0              ; 1            ; 0            ; 0              ; 0            ; 0            ; 0              ; 0            ; 0            ; 0            ; 1          ;
; state.COMPUTE3 ; 0           ; 0          ; 1              ; 0            ; 0            ; 0              ; 0            ; 0            ; 0              ; 0            ; 0            ; 0            ; 1          ;
; state.POST     ; 0           ; 1          ; 0              ; 0            ; 0            ; 0              ; 0            ; 0            ; 0              ; 0            ; 0            ; 0            ; 1          ;
; state.WRITE    ; 1           ; 0          ; 0              ; 0            ; 0            ; 0              ; 0            ; 0            ; 0              ; 0            ; 0            ; 0            ; 1          ;
+----------------+-------------+------------+----------------+--------------+--------------+----------------+--------------+--------------+----------------+--------------+--------------+--------------+------------+


+------------------------------------------------------------+
; Registers Removed During Synthesis                         ;
+---------------------------------------+--------------------+
; Register name                         ; Reason for Removal ;
+---------------------------------------+--------------------+
; state~17                              ; Lost fanout        ;
; state~18                              ; Lost fanout        ;
; state~19                              ; Lost fanout        ;
; state~20                              ; Lost fanout        ;
; index_h2[3..6]                        ; Lost fanout        ;
; Total Number of Removed Registers = 8 ;                    ;
+---------------------------------------+--------------------+


+-----------------------------------------------------------------------------+
; Removed Registers Triggering Further Register Optimizations                 ;
+---------------+--------------------+----------------------------------------+
; Register name ; Reason for Removal ; Registers Removed due to This Register ;
+---------------+--------------------+----------------------------------------+
; index_h2[6]   ; Lost Fanouts       ; index_h2[5], index_h2[4], index_h2[3]  ;
+---------------+--------------------+----------------------------------------+


+------------------------------------------------------+
; General Register Statistics                          ;
+----------------------------------------------+-------+
; Statistic                                    ; Value ;
+----------------------------------------------+-------+
; Total registers                              ; 21072 ;
; Number of registers using Synchronous Clear  ; 742   ;
; Number of registers using Synchronous Load   ; 7237  ;
; Number of registers using Asynchronous Clear ; 14    ;
; Number of registers using Asynchronous Load  ; 0     ;
; Number of registers using Clock Enable       ; 13378 ;
; Number of registers using Preset             ; 0     ;
+----------------------------------------------+-------+


+-----------------------------------------------------------------------------------------------------------------------------------------------------+
; Multiplexer Restructuring Statistics (Restructuring Performed)                                                                                      ;
+--------------------+-----------+---------------+----------------------+------------------------+------------+---------------------------------------+
; Multiplexer Inputs ; Bus Width ; Baseline Area ; Area if Restructured ; Saving if Restructured ; Registered ; Example Multiplexer Output            ;
+--------------------+-----------+---------------+----------------------+------------------------+------------+---------------------------------------+
; 3:1                ; 1920 bits ; 3840 ALUTs    ; 1920 ALUTs           ; 1920 ALUTs             ; Yes        ; |bitcoin_hash|h[1][2][15]             ;
; 5:1                ; 512 bits  ; 1536 ALUTs    ; 512 ALUTs            ; 1024 ALUTs             ; Yes        ; |bitcoin_hash|h[0][0][0]              ;
; 4:1                ; 7680 bits ; 15360 ALUTs   ; 0 ALUTs              ; 15360 ALUTs            ; Yes        ; |bitcoin_hash|w[15][10][24]           ;
; 4:1                ; 4096 bits ; 8192 ALUTs    ; 0 ALUTs              ; 8192 ALUTs             ; Yes        ; |bitcoin_hash|C[4][25]                ;
; 7:1                ; 7 bits    ; 28 ALUTs      ; 7 ALUTs              ; 21 ALUTs               ; Yes        ; |bitcoin_hash|index_h2[5]             ;
; 19:1               ; 32 bits   ; 384 ALUTs     ; 320 ALUTs            ; 64 ALUTs               ; Yes        ; |bitcoin_hash|mem_write_data[17]~reg0 ;
; 6:1                ; 192 bits  ; 768 ALUTs     ; 192 ALUTs            ; 576 ALUTs              ; Yes        ; |bitcoin_hash|temp[13][21]            ;
; 7:1                ; 6 bits    ; 24 ALUTs      ; 12 ALUTs             ; 12 ALUTs               ; Yes        ; |bitcoin_hash|t[3]                    ;
; 8:1                ; 32 bits   ; 160 ALUTs     ; 64 ALUTs             ; 96 ALUTs               ; Yes        ; |bitcoin_hash|temp[9][11]             ;
; 10:1               ; 288 bits  ; 1728 ALUTs    ; 576 ALUTs            ; 1152 ALUTs             ; Yes        ; |bitcoin_hash|temp[6][4]              ;
; 15:1               ; 4 bits    ; 40 ALUTs      ; 8 ALUTs              ; 32 ALUTs               ; Yes        ; |bitcoin_hash|mem_addr[3]~reg0        ;
; 15:1               ; 12 bits   ; 120 ALUTs     ; 48 ALUTs             ; 72 ALUTs               ; Yes        ; |bitcoin_hash|mem_addr[10]~reg0       ;
; 19:1               ; 480 bits  ; 5760 ALUTs    ; 2880 ALUTs           ; 2880 ALUTs             ; Yes        ; |bitcoin_hash|w[0][15][6]             ;
; 19:1               ; 32 bits   ; 384 ALUTs     ; 256 ALUTs            ; 128 ALUTs              ; Yes        ; |bitcoin_hash|w[14][15][31]           ;
+--------------------+-----------+---------------+----------------------+------------------------+------------+---------------------------------------+


+--------------------------------------------------------------------------------------------------------------------+
; Parameter Settings for User Entity Instance: Top-level Entity: |bitcoin_hash                                       ;
+----------------+----------------------------------------------------------------------------------+----------------+
; Parameter Name ; Value                                                                            ; Type           ;
+----------------+----------------------------------------------------------------------------------+----------------+
; num_nonces     ; 16                                                                               ; Signed Integer ;
; k              ; (1116352408,1899447441,-1245643825,-373957723,961987163,1508970993,-1841331548,- ; Array/Record   ;
; k              ; 1424204075,-670586216,310598401,607225278,1426881987,1925078388,-2132889090,-168 ;                ;
; k              ; 0079193,-1046744716,-459576895,-272742522,264347078,604807628,770255983,12491501 ;                ;
; k              ; 22,1555081692,1996064986,-1740746414,-1473132947,-1341970488,-1084653625,-958395 ;                ;
; k              ; 405,-710438585,113926993,338241895,666307205,773529912,1294757372,1396182291,169 ;                ;
; k              ; 5183700,1986661051,-2117940946,-1838011259,-1564481375,-1474664885,-1035236496,- ;                ;
; k              ; 949202525,-778901479,-694614492,-200395387,275423344,430227734,506948616,6590605 ;                ;
; k              ; 56,883997877,958139571,1322822218,1537002063,1747873779,1955562222,2024104815,-2 ;                ;
;                ; 067236844,-1933114872,-1866530822,-1538233109,-1090935817,-965641998)            ;                ;
+----------------+----------------------------------------------------------------------------------+----------------+
Note: In order to hide this table in the UI and the text report file, please set the "Show Parameter Settings in Synthesis Report" option in "Analysis and Synthesis Settings -> More Settings" to "Off".


+-----------------------------------------------------+
; Post-Synthesis Netlist Statistics for Top Partition ;
+-----------------------+-----------------------------+
; Type                  ; Count                       ;
+-----------------------+-----------------------------+
; arriaii_ff            ; 21072                       ;
;     CLR               ; 12                          ;
;     CLR SLD           ; 2                           ;
;     ENA               ; 6137                        ;
;     ENA SCLR          ; 6                           ;
;     ENA SCLR SLD      ; 736                         ;
;     ENA SLD           ; 6499                        ;
;     plain             ; 7680                        ;
; boundary_port         ; 118                         ;
; stratixiv_lcell_comb  ; 22844                       ;
;     arith             ; 5181                        ;
;         1 data inputs ; 54                          ;
;         2 data inputs ; 4967                        ;
;         3 data inputs ; 160                         ;
;     extend            ; 16                          ;
;         7 data inputs ; 16                          ;
;     normal            ; 14479                       ;
;         0 data inputs ; 1                           ;
;         2 data inputs ; 76                          ;
;         3 data inputs ; 10592                       ;
;         4 data inputs ; 1722                        ;
;         5 data inputs ; 17                          ;
;         6 data inputs ; 2071                        ;
;     shared            ; 3168                        ;
;         3 data inputs ; 3168                        ;
;                       ;                             ;
; Max LUT depth         ; 7.60                        ;
; Average LUT depth     ; 3.78                        ;
+-----------------------+-----------------------------+


+-------------------------------+
; Elapsed Time Per Partition    ;
+----------------+--------------+
; Partition Name ; Elapsed Time ;
+----------------+--------------+
; Top            ; 00:02:49     ;
+----------------+--------------+


+-------------------------------+
; Analysis & Synthesis Messages ;
+-------------------------------+
Info: *******************************************************************
Info: Running Quartus Prime Analysis & Synthesis
    Info: Version 17.1.0 Build 590 10/25/2017 SJ Lite Edition
    Info: Processing started: Thu Jun 07 18:29:53 2018
Info: Command: quartus_map --read_settings_files=on --write_settings_files=off bitcoin_hash -c bitcoin_hash
Info (16303): High Performance Effort optimization mode selected -- timing performance will be prioritized at the potential cost of increased compilation time
Warning (18236): Number of processors has not been specified which may cause overloading on shared machines.  Set the global assignment NUM_PARALLEL_PROCESSORS in your QSF to an appropriate value for best performance.
Info (20030): Parallel compilation is enabled and will use 2 of the 2 processors detected
Info (12021): Found 1 design units, including 1 entities, in source file tb_bitcoin_hash.sv
    Info (12023): Found entity 1: tb_bitcoin_hash File: E:/Quartus_Prime/Advanced_Digital_Design_Project/project_5_8/tb_bitcoin_hash.sv Line: 1
Info (12021): Found 1 design units, including 1 entities, in source file bitcoin_hash.sv
    Info (12023): Found entity 1: bitcoin_hash File: E:/Quartus_Prime/Advanced_Digital_Design_Project/project_5_8/bitcoin_hash.sv Line: 4
Info (12127): Elaborating entity "bitcoin_hash" for the top level hierarchy
Warning (10230): Verilog HDL assignment warning at bitcoin_hash.sv(86): truncated value with size 32 to match size of target (16) File: E:/Quartus_Prime/Advanced_Digital_Design_Project/project_5_8/bitcoin_hash.sv Line: 86
Warning (10230): Verilog HDL assignment warning at bitcoin_hash.sv(104): truncated value with size 32 to match size of target (16) File: E:/Quartus_Prime/Advanced_Digital_Design_Project/project_5_8/bitcoin_hash.sv Line: 104
Warning (10230): Verilog HDL assignment warning at bitcoin_hash.sv(114): truncated value with size 32 to match size of target (16) File: E:/Quartus_Prime/Advanced_Digital_Design_Project/project_5_8/bitcoin_hash.sv Line: 114
Warning (10230): Verilog HDL assignment warning at bitcoin_hash.sv(126): truncated value with size 32 to match size of target (16) File: E:/Quartus_Prime/Advanced_Digital_Design_Project/project_5_8/bitcoin_hash.sv Line: 126
Warning (10230): Verilog HDL assignment warning at bitcoin_hash.sv(129): truncated value with size 32 to match size of target (16) File: E:/Quartus_Prime/Advanced_Digital_Design_Project/project_5_8/bitcoin_hash.sv Line: 129
Warning (10230): Verilog HDL assignment warning at bitcoin_hash.sv(131): truncated value with size 32 to match size of target (7) File: E:/Quartus_Prime/Advanced_Digital_Design_Project/project_5_8/bitcoin_hash.sv Line: 131
Warning (10230): Verilog HDL assignment warning at bitcoin_hash.sv(139): truncated value with size 32 to match size of target (16) File: E:/Quartus_Prime/Advanced_Digital_Design_Project/project_5_8/bitcoin_hash.sv Line: 139
Warning (10230): Verilog HDL assignment warning at bitcoin_hash.sv(150): truncated value with size 32 to match size of target (16) File: E:/Quartus_Prime/Advanced_Digital_Design_Project/project_5_8/bitcoin_hash.sv Line: 150
Warning (10230): Verilog HDL assignment warning at bitcoin_hash.sv(161): truncated value with size 32 to match size of target (16) File: E:/Quartus_Prime/Advanced_Digital_Design_Project/project_5_8/bitcoin_hash.sv Line: 161
Warning (10230): Verilog HDL assignment warning at bitcoin_hash.sv(174): truncated value with size 32 to match size of target (16) File: E:/Quartus_Prime/Advanced_Digital_Design_Project/project_5_8/bitcoin_hash.sv Line: 174
Warning (10230): Verilog HDL assignment warning at bitcoin_hash.sv(194): truncated value with size 32 to match size of target (7) File: E:/Quartus_Prime/Advanced_Digital_Design_Project/project_5_8/bitcoin_hash.sv Line: 194
Warning (10230): Verilog HDL assignment warning at bitcoin_hash.sv(221): truncated value with size 32 to match size of target (7) File: E:/Quartus_Prime/Advanced_Digital_Design_Project/project_5_8/bitcoin_hash.sv Line: 221
Warning (10230): Verilog HDL assignment warning at bitcoin_hash.sv(232): truncated value with size 32 to match size of target (7) File: E:/Quartus_Prime/Advanced_Digital_Design_Project/project_5_8/bitcoin_hash.sv Line: 232
Warning (10230): Verilog HDL assignment warning at bitcoin_hash.sv(245): truncated value with size 32 to match size of target (7) File: E:/Quartus_Prime/Advanced_Digital_Design_Project/project_5_8/bitcoin_hash.sv Line: 245
Warning (10230): Verilog HDL assignment warning at bitcoin_hash.sv(262): truncated value with size 32 to match size of target (7) File: E:/Quartus_Prime/Advanced_Digital_Design_Project/project_5_8/bitcoin_hash.sv Line: 262
Warning (10230): Verilog HDL assignment warning at bitcoin_hash.sv(285): truncated value with size 32 to match size of target (7) File: E:/Quartus_Prime/Advanced_Digital_Design_Project/project_5_8/bitcoin_hash.sv Line: 285
Info (10008): Verilog HDL or VHDL information: EDA Netlist Writer cannot regroup multidimensional array "h" into its bus
Info (10008): Verilog HDL or VHDL information: EDA Netlist Writer cannot regroup multidimensional array "h2" into its bus
Info (10008): Verilog HDL or VHDL information: EDA Netlist Writer cannot regroup multidimensional array "w" into its bus
Info (286030): Timing-Driven Synthesis is running
Info (17049): 8 registers lost all their fanouts during netlist optimizations.
Info (128000): Starting physical synthesis optimizations for speed
Critical Warning (332012): Synopsys Design Constraints File file not found: 'bitcoin_hash.sdc'. A Synopsys Design Constraints File is required by the TimeQuest Timing Analyzer to get proper timing constraints. Without it, the Compiler will not properly optimize the design.
Info (332144): No user constrained base clocks found in the design
Info (332143): No user constrained clock uncertainty found in the design. Calling "derive_clock_uncertainty"
Info (332154): The derive_clock_uncertainty command did not apply clock uncertainty to any clock-to-clock transfers.
Info (332128): Timing requirements not specified -- optimizing circuit to achieve the following default global requirements
    Info (332127): Assuming a default timing requirement
Info (332111): Found 1 clocks
    Info (332111):   Period   Clock Name
    Info (332111): ======== ============
    Info (332111):    1.000          clk
Info (128002): Starting physical synthesis algorithm register retiming
Info (128003): Physical synthesis algorithm register retiming complete: estimated slack improvement of 0 ps
Info (128002): Starting physical synthesis algorithm combinational resynthesis using boolean division
Info (128003): Physical synthesis algorithm combinational resynthesis using boolean division complete: estimated slack improvement of 0 ps
Info (128002): Starting physical synthesis algorithm register retiming
Info (128003): Physical synthesis algorithm register retiming complete: estimated slack improvement of 0 ps
Info (128002): Starting physical synthesis algorithm combinational resynthesis using boolean division
Info (128003): Physical synthesis algorithm combinational resynthesis using boolean division complete: estimated slack improvement of 0 ps
Info (128001): Physical synthesis optimizations for speed complete: elapsed time is 00:00:17
Info (144001): Generated suppressed messages file E:/Quartus_Prime/Advanced_Digital_Design_Project/project_5_8/output_files/bitcoin_hash.map.smsg
Info (16010): Generating hard_block partition "hard_block:auto_generated_inst"
    Info (16011): Adding 0 node(s), including 0 DDIO, 0 PLL, 0 transceiver and 0 LCELL
Info (21057): Implemented 32575 device resources after synthesis - the final resource count might be different
    Info (21058): Implemented 67 input pins
    Info (21059): Implemented 51 output pins
    Info (21061): Implemented 32457 logic cells
Info: Quartus Prime Analysis & Synthesis was successful. 0 errors, 18 warnings
    Info: Peak virtual memory: 5232 megabytes
    Info: Processing ended: Thu Jun 07 18:33:50 2018
    Info: Elapsed time: 00:03:57
    Info: Total CPU time (on all processors): 00:04:17


+------------------------------------------+
; Analysis & Synthesis Suppressed Messages ;
+------------------------------------------+
The suppressed messages can be found in E:/Quartus_Prime/Advanced_Digital_Design_Project/project_5_8/output_files/bitcoin_hash.map.smsg.


